
    + CategoryInfo          : NotSpecified: (e: file:///C:/U...'fillMaxWidth'.:String) [], RemoteException
e: file:///C:/Users/ZM/Documents/RemEdioCerto-GuiaVisual/app/src/main/java/com/zmstore/projectr/MainActivity.kt:190:37 
e: file:///C:/Users/ZM/Documents/RemEdioCerto-GuiaVisual/app/src/main/java/com/zmstore/projectr/MainActivity.kt:199:45 
e: file:///C:/Users/ZM/Documents/RemEdioCerto-GuiaVisual/app/src/main/java/com/zmstore/projectr/MainActivity.kt:251:41 
e: file:///C:/Users/ZM/Documents/RemEdioCerto-GuiaVisual/app/src/main/java/com/zmstore/projectr/MainActivity.kt:267:41 
e: file:///C:/Users/ZM/Documents/RemEdioCerto-GuiaVisual/app/src/main/java/com/zmstore/projectr/MainActivity.kt:270:58 
e: file:///C:/Users/ZM/Documents/RemEdioCerto-GuiaVisual/app/src/main/java/com/zmstore/projectr/ui/alarms/AlarmManageme
e: file:///C:/Users/ZM/Documents/RemEdioCerto-GuiaVisual/app/src/main/java/com/zmstore/projectr/ui/alarms/AlarmManageme
e: file:///C:/Users/ZM/Documents/RemEdioCerto-GuiaVisual/app/src/main/java/com/zmstore/projectr/ui/alarms/AlarmManageme
e: file:///C:/Users/ZM/Documents/RemEdioCerto-GuiaVisual/app/src/main/java/com/zmstore/projectr/ui/alarms/AlarmManageme
e: file:///C:/Users/ZM/Documents/RemEdioCerto-GuiaVisual/app/src/main/java/com/zmstore/projectr/ui/alarms/AlarmManageme
e: file:///C:/Users/ZM/Documents/RemEdioCerto-GuiaVisual/app/src/main/java/com/zmstore/projectr/ui/help/HelpScreen.kt:3
e: file:///C:/Users/ZM/Documents/RemEdioCerto-GuiaVisual/app/src/main/java/com/zmstore/projectr/ui/help/HelpScreen.kt:3
e: file:///C:/Users/ZM/Documents/RemEdioCerto-GuiaVisual/app/src/main/java/com/zmstore/projectr/ui/help/HelpScreen.kt:3
e: file:///C:/Users/ZM/Documents/RemEdioCerto-GuiaVisual/app/src/main/java/com/zmstore/projectr/ui/help/HelpScreen.kt:4
e: file:///C:/Users/ZM/Documents/RemEdioCerto-GuiaVisual/app/src/main/java/com/zmstore/projectr/ui/help/HelpScreen.kt:5
e: file:///C:/Users/ZM/Documents/RemEdioCerto-GuiaVisual/app/src/main/java/com/zmstore/projectr/ui/help/HelpScreen.kt:8
e: file:///C:/Users/ZM/Documents/RemEdioCerto-GuiaVisual/app/src/main/java/com/zmstore/projectr/ui/help/HelpScreen.kt:1
e: file:///C:/Users/ZM/Documents/RemEdioCerto-GuiaVisual/app/src/main/java/com/zmstore/projectr/ui/help/HelpScreen.kt:1
e: file:///C:/Users/ZM/Documents/RemEdioCerto-GuiaVisual/app/src/main/java/com/zmstore/projectr/ui/help/HelpScreen.kt:1
e: file:///C:/Users/ZM/Documents/RemEdioCerto-GuiaVisual/app/src/main/java/com/zmstore/projectr/ui/help/HelpScreen.kt:1
e: file:///C:/Users/ZM/Documents/RemEdioCerto-GuiaVisual/app/src/main/java/com/zmstore/projectr/ui/help/HelpScreen.kt:1
e: file:///C:/Users/ZM/Documents/RemEdioCerto-GuiaVisual/app/src/main/java/com/zmstore/projectr/ui/help/HelpScreen.kt:1
e: file:///C:/Users/ZM/Documents/RemEdioCerto-GuiaVisual/app/src/main/java/com/zmstore/projectr/ui/help/HelpScreen.kt:1
e: file:///C:/Users/ZM/Documents/RemEdioCerto-GuiaVisual/app/src/main/java/com/zmstore/projectr/ui/home/HistoryScreen.k
e: file:///C:/Users/ZM/Documents/RemEdioCerto-GuiaVisual/app/src/main/java/com/zmstore/projectr/ui/home/HistoryScreen.k
e: file:///C:/Users/ZM/Documents/RemEdioCerto-GuiaVisual/app/src/main/java/com/zmstore/projectr/ui/home/HistoryScreen.k
e: file:///C:/Users/ZM/Documents/RemEdioCerto-GuiaVisual/app/src/main/java/com/zmstore/projectr/ui/home/HistoryScreen.k
e: file:///C:/Users/ZM/Documents/RemEdioCerto-GuiaVisual/app/src/main/java/com/zmstore/projectr/ui/home/HistoryScreen.k
e: file:///C:/Users/ZM/Documents/RemEdioCerto-GuiaVisual/app/src/main/java/com/zmstore/projectr/ui/home/HistoryScreen.k
e: file:///C:/Users/ZM/Documents/RemEdioCerto-GuiaVisual/app/src/main/java/com/zmstore/projectr/ui/home/HistoryScreen.k
e: file:///C:/Users/ZM/Documents/RemEdioCerto-GuiaVisual/app/src/main/java/com/zmstore/projectr/ui/home/HistoryScreen.k
e: file:///C:/Users/ZM/Documents/RemEdioCerto-GuiaVisual/app/src/main/java/com/zmstore/projectr/ui/home/HistoryScreen.k
e: file:///C:/Users/ZM/Documents/RemEdioCerto-GuiaVisual/app/src/main/java/com/zmstore/projectr/ui/home/HistoryScreen.k
e: file:///C:/Users/ZM/Documents/RemEdioCerto-GuiaVisual/app/src/main/java/com/zmstore/projectr/ui/home/HistoryScreen.k
e: file:///C:/Users/ZM/Documents/RemEdioCerto-GuiaVisual/app/src/main/java/com/zmstore/projectr/ui/home/HistoryScreen.k
e: file:///C:/Users/ZM/Documents/RemEdioCerto-GuiaVisual/app/src/main/java/com/zmstore/projectr/ui/home/HistoryScreen.k
e: file:///C:/Users/ZM/Documents/RemEdioCerto-GuiaVisual/app/src/main/java/com/zmstore/projectr/ui/home/HomeScreen.kt:1
e: file:///C:/Users/ZM/Documents/RemEdioCerto-GuiaVisual/app/src/main/java/com/zmstore/projectr/ui/home/HomeScreen.kt:1
e: file:///C:/Users/ZM/Documents/RemEdioCerto-GuiaVisual/app/src/main/java/com/zmstore/projectr/ui/home/HomeScreen.kt:1
e: file:///C:/Users/ZM/Documents/RemEdioCerto-GuiaVisual/app/src/main/java/com/zmstore/projectr/ui/home/HomeScreen.kt:1
e: file:///C:/Users/ZM/Documents/RemEdioCerto-GuiaVisual/app/src/main/java/com/zmstore/projectr/ui/home/HomeScreen.kt:1
e: file:///C:/Users/ZM/Documents/RemEdioCerto-GuiaVisual/app/src/main/java/com/zmstore/projectr/ui/home/HomeScreen.kt:2
e: file:///C:/Users/ZM/Documents/RemEdioCerto-GuiaVisual/app/src/main/java/com/zmstore/projectr/ui/home/HomeScreen.kt:2
e: file:///C:/Users/ZM/Documents/RemEdioCerto-GuiaVisual/app/src/main/java/com/zmstore/projectr/ui/home/HomeScreen.kt:2
e: file:///C:/Users/ZM/Documents/RemEdioCerto-GuiaVisual/app/src/main/java/com/zmstore/projectr/ui/home/HomeScreen.kt:3
e: file:///C:/Users/ZM/Documents/RemEdioCerto-GuiaVisual/app/src/main/java/com/zmstore/projectr/ui/home/HomeScreen.kt:3
e: file:///C:/Users/ZM/Documents/RemEdioCerto-GuiaVisual/app/src/main/java/com/zmstore/projectr/ui/home/HomeScreen.kt:3
e: file:///C:/Users/ZM/Documents/RemEdioCerto-GuiaVisual/app/src/main/java/com/zmstore/projectr/ui/home/HomeScreen.kt:3
e: file:///C:/Users/ZM/Documents/RemEdioCerto-GuiaVisual/app/src/main/java/com/zmstore/projectr/ui/home/HomeScreen.kt:3
e: file:///C:/Users/ZM/Documents/RemEdioCerto-GuiaVisual/app/src/main/java/com/zmstore/projectr/ui/home/HomeScreen.kt:4
e: file:///C:/Users/ZM/Documents/RemEdioCerto-GuiaVisual/app/src/main/java/com/zmstore/projectr/ui/home/HomeScreen.kt:4
e: file:///C:/Users/ZM/Documents/RemEdioCerto-GuiaVisual/app/src/main/java/com/zmstore/projectr/ui/home/HomeScreen.kt:4
e: file:///C:/Users/ZM/Documents/RemEdioCerto-GuiaVisual/app/src/main/java/com/zmstore/projectr/ui/home/HomeScreen.kt:4
e: file:///C:/Users/ZM/Documents/RemEdioCerto-GuiaVisual/app/src/main/java/com/zmstore/projectr/ui/home/HomeScreen.kt:4
e: file:///C:/Users/ZM/Documents/RemEdioCerto-GuiaVisual/app/src/main/java/com/zmstore/projectr/ui/home/HomeScreen.kt:4
e: file:///C:/Users/ZM/Documents/RemEdioCerto-GuiaVisual/app/src/main/java/com/zmstore/projectr/ui/home/HomeScreen.kt:4
e: file:///C:/Users/ZM/Documents/RemEdioCerto-GuiaVisual/app/src/main/java/com/zmstore/projectr/ui/home/HomeScreen.kt:4
e: file:///C:/Users/ZM/Documents/RemEdioCerto-GuiaVisual/app/src/main/java/com/zmstore/projectr/ui/home/HomeScreen.kt:5
e: file:///C:/Users/ZM/Documents/RemEdioCerto-GuiaVisual/app/src/main/java/com/zmstore/projectr/ui/home/HomeScreen.kt:5
e: file:///C:/Users/ZM/Documents/RemEdioCerto-GuiaVisual/app/src/main/java/com/zmstore/projectr/ui/home/HomeScreen.kt:5
e: file:///C:/Users/ZM/Documents/RemEdioCerto-GuiaVisual/app/src/main/java/com/zmstore/projectr/ui/home/HomeScreen.kt:5
e: file:///C:/Users/ZM/Documents/RemEdioCerto-GuiaVisual/app/src/main/java/com/zmstore/projectr/ui/home/HomeScreen.kt:5
e: file:///C:/Users/ZM/Documents/RemEdioCerto-GuiaVisual/app/src/main/java/com/zmstore/projectr/ui/home/HomeScreen.kt:5
e: file:///C:/Users/ZM/Documents/RemEdioCerto-GuiaVisual/app/src/main/java/com/zmstore/projectr/ui/home/HomeScreen.kt:5
e: file:///C:/Users/ZM/Documents/RemEdioCerto-GuiaVisual/app/src/main/java/com/zmstore/projectr/ui/home/HomeScreen.kt:6
e: file:///C:/Users/ZM/Documents/RemEdioCerto-GuiaVisual/app/src/main/java/com/zmstore/projectr/ui/home/HomeScreen.kt:6
e: file:///C:/Users/ZM/Documents/RemEdioCerto-GuiaVisual/app/src/main/java/com/zmstore/projectr/ui/home/HomeScreen.kt:6
e: file:///C:/Users/ZM/Documents/RemEdioCerto-GuiaVisual/app/src/main/java/com/zmstore/projectr/ui/home/HomeScreen.kt:6
e: file:///C:/Users/ZM/Documents/RemEdioCerto-GuiaVisual/app/src/main/java/com/zmstore/projectr/ui/home/HomeScreen.kt:6
e: file:///C:/Users/ZM/Documents/RemEdioCerto-GuiaVisual/app/src/main/java/com/zmstore/projectr/ui/home/HomeScreen.kt:6
e: file:///C:/Users/ZM/Documents/RemEdioCerto-GuiaVisual/app/src/main/java/com/zmstore/projectr/ui/home/HomeScreen.kt:7
e: file:///C:/Users/ZM/Documents/RemEdioCerto-GuiaVisual/app/src/main/java/com/zmstore/projectr/ui/home/HomeScreen.kt:7
e: file:///C:/Users/ZM/Documents/RemEdioCerto-GuiaVisual/app/src/main/java/com/zmstore/projectr/ui/home/HomeScreen.kt:7
e: file:///C:/Users/ZM/Documents/RemEdioCerto-GuiaVisual/app/src/main/java/com/zmstore/projectr/ui/home/HomeScreen.kt:7
e: file:///C:/Users/ZM/Documents/RemEdioCerto-GuiaVisual/app/src/main/java/com/zmstore/projectr/ui/home/HomeScreen.kt:7
e: file:///C:/Users/ZM/Documents/RemEdioCerto-GuiaVisual/app/src/main/java/com/zmstore/projectr/ui/home/HomeScreen.kt:8
e: file:///C:/Users/ZM/Documents/RemEdioCerto-GuiaVisual/app/src/main/java/com/zmstore/projectr/ui/home/HomeScreen.kt:8
e: file:///C:/Users/ZM/Documents/RemEdioCerto-GuiaVisual/app/src/main/java/com/zmstore/projectr/ui/home/HomeScreen.kt:8
e: file:///C:/Users/ZM/Documents/RemEdioCerto-GuiaVisual/app/src/main/java/com/zmstore/projectr/ui/home/HomeScreen.kt:8
e: file:///C:/Users/ZM/Documents/RemEdioCerto-GuiaVisual/app/src/main/java/com/zmstore/projectr/ui/home/HomeScreen.kt:8
e: file:///C:/Users/ZM/Documents/RemEdioCerto-GuiaVisual/app/src/main/java/com/zmstore/projectr/ui/home/HomeScreen.kt:8
e: file:///C:/Users/ZM/Documents/RemEdioCerto-GuiaVisual/app/src/main/java/com/zmstore/projectr/ui/home/HomeScreen.kt:8
e: file:///C:/Users/ZM/Documents/RemEdioCerto-GuiaVisual/app/src/main/java/com/zmstore/projectr/ui/home/HomeScreen.kt:8
e: file:///C:/Users/ZM/Documents/RemEdioCerto-GuiaVisual/app/src/main/java/com/zmstore/projectr/ui/home/HomeScreen.kt:8
e: file:///C:/Users/ZM/Documents/RemEdioCerto-GuiaVisual/app/src/main/java/com/zmstore/projectr/ui/home/HomeScreen.kt:8
e: file:///C:/Users/ZM/Documents/RemEdioCerto-GuiaVisual/app/src/main/java/com/zmstore/projectr/ui/login/LoginScreen.kt
e: file:///C:/Users/ZM/Documents/RemEdioCerto-GuiaVisual/app/src/main/java/com/zmstore/projectr/ui/login/LoginScreen.kt
e: file:///C:/Users/ZM/Documents/RemEdioCerto-GuiaVisual/app/src/main/java/com/zmstore/projectr/ui/login/LoginScreen.kt
e: file:///C:/Users/ZM/Documents/RemEdioCerto-GuiaVisual/app/src/main/java/com/zmstore/projectr/ui/login/LoginScreen.kt
e: file:///C:/Users/ZM/Documents/RemEdioCerto-GuiaVisual/app/src/main/java/com/zmstore/projectr/ui/login/LoginScreen.kt
e: file:///C:/Users/ZM/Documents/RemEdioCerto-GuiaVisual/app/src/main/java/com/zmstore/projectr/ui/login/LoginScreen.kt
e: file:///C:/Users/ZM/Documents/RemEdioCerto-GuiaVisual/app/src/main/java/com/zmstore/projectr/ui/login/LoginScreen.kt
e: file:///C:/Users/ZM/Documents/RemEdioCerto-GuiaVisual/app/src/main/java/com/zmstore/projectr/ui/login/LoginScreen.kt
e: file:///C:/Users/ZM/Documents/RemEdioCerto-GuiaVisual/app/src/main/java/com/zmstore/projectr/ui/login/LoginScreen.kt
e: file:///C:/Users/ZM/Documents/RemEdioCerto-GuiaVisual/app/src/main/java/com/zmstore/projectr/ui/login/LoginScreen.kt
e: file:///C:/Users/ZM/Documents/RemEdioCerto-GuiaVisual/app/src/main/java/com/zmstore/projectr/ui/login/LoginScreen.kt
e: file:///C:/Users/ZM/Documents/RemEdioCerto-GuiaVisual/app/src/main/java/com/zmstore/projectr/ui/login/LoginScreen.kt
e: file:///C:/Users/ZM/Documents/RemEdioCerto-GuiaVisual/app/src/main/java/com/zmstore/projectr/ui/login/LoginScreen.kt
e: file:///C:/Users/ZM/Documents/RemEdioCerto-GuiaVisual/app/src/main/java/com/zmstore/projectr/ui/login/LoginScreen.kt
e: file:///C:/Users/ZM/Documents/RemEdioCerto-GuiaVisual/app/src/main/java/com/zmstore/projectr/ui/login/LoginScreen.kt
e: file:///C:/Users/ZM/Documents/RemEdioCerto-GuiaVisual/app/src/main/java/com/zmstore/projectr/ui/login/LoginScreen.kt
e: file:///C:/Users/ZM/Documents/RemEdioCerto-GuiaVisual/app/src/main/java/com/zmstore/projectr/ui/login/LoginScreen.kt
e: file:///C:/Users/ZM/Documents/RemEdioCerto-GuiaVisual/app/src/main/java/com/zmstore/projectr/ui/login/LoginScreen.kt
e: file:///C:/Users/ZM/Documents/RemEdioCerto-GuiaVisual/app/src/main/java/com/zmstore/projectr/ui/medication/Medicatio
e: file:///C:/Users/ZM/Documents/RemEdioCerto-GuiaVisual/app/src/main/java/com/zmstore/projectr/ui/medication/Medicatio
e: file:///C:/Users/ZM/Documents/RemEdioCerto-GuiaVisual/app/src/main/java/com/zmstore/projectr/ui/medication/Medicatio
e: file:///C:/Users/ZM/Documents/RemEdioCerto-GuiaVisual/app/src/main/java/com/zmstore/projectr/ui/medication/Medicatio
e: file:///C:/Users/ZM/Documents/RemEdioCerto-GuiaVisual/app/src/main/java/com/zmstore/projectr/ui/medication/Medicatio
e: file:///C:/Users/ZM/Documents/RemEdioCerto-GuiaVisual/app/src/main/java/com/zmstore/projectr/ui/medication/Medicatio
e: file:///C:/Users/ZM/Documents/RemEdioCerto-GuiaVisual/app/src/main/java/com/zmstore/projectr/ui/medication/Medicatio
e: file:///C:/Users/ZM/Documents/RemEdioCerto-GuiaVisual/app/src/main/java/com/zmstore/projectr/ui/medication/Medicatio
e: file:///C:/Users/ZM/Documents/RemEdioCerto-GuiaVisual/app/src/main/java/com/zmstore/projectr/ui/medication/Medicatio
e: file:///C:/Users/ZM/Documents/RemEdioCerto-GuiaVisual/app/src/main/java/com/zmstore/projectr/ui/medication/Medicatio
e: file:///C:/Users/ZM/Documents/RemEdioCerto-GuiaVisual/app/src/main/java/com/zmstore/projectr/ui/profile/ProfileScree
e: file:///C:/Users/ZM/Documents/RemEdioCerto-GuiaVisual/app/src/main/java/com/zmstore/projectr/ui/profile/ProfileScree
e: file:///C:/Users/ZM/Documents/RemEdioCerto-GuiaVisual/app/src/main/java/com/zmstore/projectr/ui/profile/ProfileScree


